#
# There is insufficient memory for the Java Runtime Environment to continue.
# Native memory allocation (malloc) failed to allocate 1101136 bytes for Chunk::new
# Possible reasons:
#   The system is out of physical RAM or swap space
#   The process is running with CompressedOops enabled, and the Java Heap may be blocking the growth of the native heap
# Possible solutions:
#   Reduce memory load on the system
#   Increase physical memory or swap space
#   Check if swap backing store is full
#   Decrease Java heap size (-Xmx/-Xms)
#   Decrease number of Java threads
#   Decrease Java thread stack sizes (-Xss)
#   Set larger code cache with -XX:ReservedCodeCacheSize=
#   JVM is running with Zero Based Compressed Oops mode in which the Java heap is
#     placed in the first 32GB address space. The Java Heap base address is the
#     maximum limit for the native heap growth. Please use -XX:HeapBaseMinAddress
#     to set the Java Heap base and to place the Java Heap above 32GB virtual address.
# This output file may be truncated or incomplete.
#
#  Out of Memory Error (arena.cpp:197), pid=26832, tid=26396
#
# JRE version: OpenJDK Runtime Environment Corretto-11.0.29.7.1 (11.0.29+7) (build 11.0.29+7-LTS)
# Java VM: OpenJDK 64-Bit Server VM Corretto-11.0.29.7.1 (11.0.29+7-LTS, mixed mode, tiered, compressed oops, g1 gc, windows-amd64)
# No core dump will be written. Minidumps are not enabled by default on client versions of Windows
#

---------------  S U M M A R Y ------------

Command Line: -javaagent:C:\Users\user\.m2\repository/org/aspectj/aspectjweaver/1.9.22.1/aspectjweaver-1.9.22.1.jar C:\Users\user\AppData\Local\Temp\surefire17189644826441611008\surefirebooter2304547777866029619.jar C:\Users\user\AppData\Local\Temp\surefire17189644826441611008 2026-05-09T20-49-42_345-jvmRun1 surefire6094274798636775252tmp surefire_012498408948433673096tmp

Host: Intel(R) Core(TM) i7-10700F CPU @ 2.90GHz, 16 cores, 15G,  Windows 10 , 64 bit Build 19041 (10.0.19041.5915)
Time: Sat May  9 20:49:43 2026 RTZ 2 (s 10 , 64 bit Build 19041 (10.0.19041.5915) elapsed time: 1.326101 seconds (0d 0h 0m 1s)

---------------  T H R E A D  ---------------

Current thread (0x000002e155424800):  JavaThread "C2 CompilerThread7" daemon [_thread_in_native, id=26396, stack(0x000000e8eae00000,0x000000e8eaf00000)]


Current CompileTask:
C2:   1326 2312       4       org.aspectj.weaver.bcel.BcelClassWeaver::match (373 bytes)

Stack: [0x000000e8eae00000,0x000000e8eaf00000]
Native frames: (J=compiled Java code, j=interpreted, Vv=VM code, C=native code)
V  [jvm.dll+0x64667a]
V  [jvm.dll+0x7db069]
V  [jvm.dll+0x7dc769]
V  [jvm.dll+0x7dce53]
V  [jvm.dll+0x269e15]
V  [jvm.dll+0xc21dc]
V  [jvm.dll+0xc278c]
V  [jvm.dll+0x37a367]
V  [jvm.dll+0x1b3e24]
V  [jvm.dll+0x221fbf]
V  [jvm.dll+0x220e78]
V  [jvm.dll+0x19ea61]
V  [jvm.dll+0x230d29]
V  [jvm.dll+0x22ee9f]
V  [jvm.dll+0x79c191]
V  [jvm.dll+0x794e64]
V  [jvm.dll+0x645435]
C  [ucrtbase.dll+0x21bb2]
C  [KERNEL32.DLL+0x17374]
C  [ntdll.dll+0x4cc91]


---------------  P R O C E S S  ---------------

Threads class SMR info:
_java_thread_list=0x000002e15239b700, length=22, elements={
0x000002e12c116800, 0x000002e150a44800, 0x000002e1512fc800, 0x000002e15134a800,
0x000002e15134b800, 0x000002e15134f800, 0x000002e15135c000, 0x000002e15135d000,
0x000002e151376000, 0x000002e1512d0800, 0x000002e1514db000, 0x000002e1514dc000,
0x000002e1514df000, 0x000002e151533800, 0x000002e151538000, 0x000002e151cd7000,
0x000002e153d7f000, 0x000002e154432800, 0x000002e155ed8800, 0x000002e152d19800,
0x000002e1543c6000, 0x000002e155424800
}

Java Threads: ( => current thread )
  0x000002e12c116800 JavaThread "main" [_thread_in_Java, id=24308, stack(0x000000e8e8d00000,0x000000e8e8e00000)]
  0x000002e150a44800 JavaThread "Reference Handler" daemon [_thread_blocked, id=27040, stack(0x000000e8e9400000,0x000000e8e9500000)]
  0x000002e1512fc800 JavaThread "Finalizer" daemon [_thread_blocked, id=10156, stack(0x000000e8e9500000,0x000000e8e9600000)]
  0x000002e15134a800 JavaThread "Signal Dispatcher" daemon [_thread_blocked, id=30536, stack(0x000000e8e9600000,0x000000e8e9700000)]
  0x000002e15134b800 JavaThread "Attach Listener" daemon [_thread_blocked, id=31152, stack(0x000000e8e9700000,0x000000e8e9800000)]
  0x000002e15134f800 JavaThread "Service Thread" daemon [_thread_blocked, id=29672, stack(0x000000e8e9800000,0x000000e8e9900000)]
  0x000002e15135c000 JavaThread "C2 CompilerThread0" daemon [_thread_in_native, id=25732, stack(0x000000e8e9900000,0x000000e8e9a00000)]
  0x000002e15135d000 JavaThread "C1 CompilerThread0" daemon [_thread_blocked, id=29972, stack(0x000000e8e9a00000,0x000000e8e9b00000)]
  0x000002e151376000 JavaThread "Sweeper thread" daemon [_thread_blocked, id=25936, stack(0x000000e8e9b00000,0x000000e8e9c00000)]
  0x000002e1512d0800 JavaThread "Common-Cleaner" daemon [_thread_blocked, id=13744, stack(0x000000e8e9c00000,0x000000e8e9d00000)]
  0x000002e1514db000 JavaThread "C1 CompilerThread1" daemon [_thread_blocked, id=29088, stack(0x000000e8e9d00000,0x000000e8e9e00000)]
  0x000002e1514dc000 JavaThread "C1 CompilerThread2" daemon [_thread_blocked, id=28928, stack(0x000000e8e9e00000,0x000000e8e9f00000)]
  0x000002e1514df000 JavaThread "C1 CompilerThread3" daemon [_thread_blocked, id=25604, stack(0x000000e8e9f00000,0x000000e8ea000000)]
  0x000002e151533800 JavaThread "C2 CompilerThread1" daemon [_thread_in_native, id=29728, stack(0x000000e8ea000000,0x000000e8ea100000)]
  0x000002e151538000 JavaThread "C2 CompilerThread2" daemon [_thread_in_native, id=25912, stack(0x000000e8ea100000,0x000000e8ea200000)]
  0x000002e151cd7000 JavaThread "surefire-forkedjvm-command-thread" daemon [_thread_in_native, id=28164, stack(0x000000e8ea800000,0x000000e8ea900000)]
  0x000002e153d7f000 JavaThread "surefire-forkedjvm-ping-30s" daemon [_thread_blocked, id=14104, stack(0x000000e8ea900000,0x000000e8eaa00000)]
  0x000002e154432800 JavaThread "C2 CompilerThread3" daemon [_thread_in_native, id=27256, stack(0x000000e8eaa00000,0x000000e8eab00000)]
  0x000002e155ed8800 JavaThread "C2 CompilerThread4" daemon [_thread_in_native, id=26784, stack(0x000000e8eab00000,0x000000e8eac00000)]
  0x000002e152d19800 JavaThread "C2 CompilerThread5" daemon [_thread_in_native, id=19876, stack(0x000000e8eac00000,0x000000e8ead00000)]
  0x000002e1543c6000 JavaThread "C2 CompilerThread6" daemon [_thread_in_native, id=29008, stack(0x000000e8ead00000,0x000000e8eae00000)]
=>0x000002e155424800 JavaThread "C2 CompilerThread7" daemon [_thread_in_native, id=26396, stack(0x000000e8eae00000,0x000000e8eaf00000)]

Other Threads:
  0x000002e150a40800 VMThread "VM Thread" [stack: 0x000000e8e9300000,0x000000e8e9400000] [id=31200]
  0x000002e151cb1800 WatcherThread [stack: 0x000000e8ea200000,0x000000e8ea300000] [id=29736]
  0x000002e12c131000 GCTaskThread "GC Thread#0" [stack: 0x000000e8e8e00000,0x000000e8e8f00000] [id=31728]
  0x000002e1522ec800 GCTaskThread "GC Thread#1" [stack: 0x000000e8ea300000,0x000000e8ea400000] [id=27192]
  0x000002e1523ef800 GCTaskThread "GC Thread#2" [stack: 0x000000e8ea400000,0x000000e8ea500000] [id=29428]
  0x000002e1521e3800 GCTaskThread "GC Thread#3" [stack: 0x000000e8ea500000,0x000000e8ea600000] [id=28800]
  0x000002e1521e4000 GCTaskThread "GC Thread#4" [stack: 0x000000e8ea600000,0x000000e8ea700000] [id=940]
  0x000002e151fe3000 GCTaskThread "GC Thread#5" [stack: 0x000000e8ea700000,0x000000e8ea800000] [id=20588]
  0x000002e12c189800 ConcurrentGCThread "G1 Main Marker" [stack: 0x000000e8e8f00000,0x000000e8e9000000] [id=31284]
  0x000002e12c18e000 ConcurrentGCThread "G1 Conc#0" [stack: 0x000000e8e9000000,0x000000e8e9100000] [id=31156]
  0x000002e15092a000 ConcurrentGCThread "G1 Refine#0" [stack: 0x000000e8e9100000,0x000000e8e9200000] [id=24292]
  0x000002e15092b000 ConcurrentGCThread "G1 Young RemSet Sampling" [stack: 0x000000e8e9200000,0x000000e8e9300000] [id=27188]

Threads with active compile tasks:
C2 CompilerThread0     1337 2436 %     4       org.aspectj.apache.bcel.generic.MethodGen::<init> @ 680 (998 bytes)
C1 CompilerThread0     1337 2453       3       sun.net.util.IPAddressUtil::scan (62 bytes)
C1 CompilerThread3     1337 2452       3       sun.net.util.IPAddressUtil::checkExternalForm (69 bytes)
C2 CompilerThread1     1337 2439 % !   4       java.util.concurrent.ConcurrentHashMap::transfer @ 96 (828 bytes)
C2 CompilerThread2     1337 2415       4       java.net.URLStreamHandler::parseURL (1201 bytes)
C2 CompilerThread3     1337 2441       4       org.aspectj.apache.bcel.classfile.Attribute::readAttribute (568 bytes)
C2 CompilerThread4     1337 2446   !   4       org.aspectj.weaver.World::resolve (354 bytes)
C2 CompilerThread5     1337 2412 %     4       jdk.internal.loader.URLClassPath::getResource @ 39 (74 bytes)
C2 CompilerThread6     1337 2437   !   4       org.aspectj.apache.bcel.generic.InstructionList::<init> (367 bytes)
C2 CompilerThread7     1337 2312       4       org.aspectj.weaver.bcel.BcelClassWeaver::match (373 bytes)

VM state:not at safepoint (normal execution)

VM Mutex/Monitor currently owned by a thread: None

Heap address: 0x0000000701200000, size: 4078 MB, Compressed Oops mode: Zero based, Oop shift amount: 3
Narrow klass base: 0x0000000800000000, Narrow klass shift: 0
Compressed class space size: 1073741824 Address: 0x0000000800000000

Heap:
 garbage-first heap   total 262144K, used 122559K [0x0000000701200000, 0x0000000800000000)
  region size 1024K, 119 young (121856K), 3 survivors (3072K)
 Metaspace       used 20625K, capacity 20918K, committed 21248K, reserved 1069056K
  class space    used 1847K, capacity 1949K, committed 2048K, reserved 1048576K
Heap Regions: E=young(eden), S=young(survivor), O=old, HS=humongous(starts), HC=humongous(continues), CS=collection set, F=free, A=archive, TAMS=top-at-mark-start (previous, next)
|   0|0x0000000701200000, 0x0000000701300000, 0x0000000701300000|100%| O|  |TAMS 0x0000000701200000, 0x0000000701200000| Untracked 
|   1|0x0000000701300000, 0x00000007013afe00, 0x0000000701400000| 68%| O|  |TAMS 0x0000000701300000, 0x0000000701300000| Untracked 
|   2|0x0000000701400000, 0x0000000701400000, 0x0000000701500000|  0%| F|  |TAMS 0x0000000701400000, 0x0000000701400000| Untracked 
|   3|0x0000000701500000, 0x0000000701500000, 0x0000000701600000|  0%| F|  |TAMS 0x0000000701500000, 0x0000000701500000| Untracked 
|   4|0x0000000701600000, 0x0000000701600000, 0x0000000701700000|  0%| F|  |TAMS 0x0000000701600000, 0x0000000701600000| Untracked 
|   5|0x0000000701700000, 0x0000000701700000, 0x0000000701800000|  0%| F|  |TAMS 0x0000000701700000, 0x0000000701700000| Untracked 
|   6|0x0000000701800000, 0x0000000701800000, 0x0000000701900000|  0%| F|  |TAMS 0x0000000701800000, 0x0000000701800000| Untracked 
|   7|0x0000000701900000, 0x0000000701900000, 0x0000000701a00000|  0%| F|  |TAMS 0x0000000701900000, 0x0000000701900000| Untracked 
|   8|0x0000000701a00000, 0x0000000701a00000, 0x0000000701b00000|  0%| F|  |TAMS 0x0000000701a00000, 0x0000000701a00000| Untracked 
|   9|0x0000000701b00000, 0x0000000701b00000, 0x0000000701c00000|  0%| F|  |TAMS 0x0000000701b00000, 0x0000000701b00000| Untracked 
|  10|0x0000000701c00000, 0x0000000701c00000, 0x0000000701d00000|  0%| F|  |TAMS 0x0000000701c00000, 0x0000000701c00000| Untracked 
|  11|0x0000000701d00000, 0x0000000701d00000, 0x0000000701e00000|  0%| F|  |TAMS 0x0000000701d00000, 0x0000000701d00000| Untracked 
|  12|0x0000000701e00000, 0x0000000701e00000, 0x0000000701f00000|  0%| F|  |TAMS 0x0000000701e00000, 0x0000000701e00000| Untracked 
|  13|0x0000000701f00000, 0x0000000701f00000, 0x0000000702000000|  0%| F|  |TAMS 0x0000000701f00000, 0x0000000701f00000| Untracked 
|  14|0x0000000702000000, 0x0000000702000000, 0x0000000702100000|  0%| F|  |TAMS 0x0000000702000000, 0x0000000702000000| Untracked 
|  15|0x0000000702100000, 0x0000000702100000, 0x0000000702200000|  0%| F|  |TAMS 0x0000000702100000, 0x0000000702100000| Untracked 
|  16|0x0000000702200000, 0x0000000702200000, 0x0000000702300000|  0%| F|  |TAMS 0x0000000702200000, 0x0000000702200000| Untracked 
|  17|0x0000000702300000, 0x0000000702300000, 0x0000000702400000|  0%| F|  |TAMS 0x0000000702300000, 0x0000000702300000| Untracked 
|  18|0x0000000702400000, 0x0000000702400000, 0x0000000702500000|  0%| F|  |TAMS 0x0000000702400000, 0x0000000702400000| Untracked 
|  19|0x0000000702500000, 0x0000000702500000, 0x0000000702600000|  0%| F|  |TAMS 0x0000000702500000, 0x0000000702500000| Untracked 
|  20|0x0000000702600000, 0x0000000702600000, 0x0000000702700000|  0%| F|  |TAMS 0x0000000702600000, 0x0000000702600000| Untracked 
|  21|0x0000000702700000, 0x0000000702700000, 0x0000000702800000|  0%| F|  |TAMS 0x0000000702700000, 0x0000000702700000| Untracked 
|  22|0x0000000702800000, 0x0000000702800000, 0x0000000702900000|  0%| F|  |TAMS 0x0000000702800000, 0x0000000702800000| Untracked 
|  23|0x0000000702900000, 0x0000000702900000, 0x0000000702a00000|  0%| F|  |TAMS 0x0000000702900000, 0x0000000702900000| Untracked 
|  24|0x0000000702a00000, 0x0000000702a00000, 0x0000000702b00000|  0%| F|  |TAMS 0x0000000702a00000, 0x0000000702a00000| Untracked 
|  25|0x0000000702b00000, 0x0000000702b00000, 0x0000000702c00000|  0%| F|  |TAMS 0x0000000702b00000, 0x0000000702b00000| Untracked 
|  26|0x0000000702c00000, 0x0000000702c00000, 0x0000000702d00000|  0%| F|  |TAMS 0x0000000702c00000, 0x0000000702c00000| Untracked 
|  27|0x0000000702d00000, 0x0000000702d00000, 0x0000000702e00000|  0%| F|  |TAMS 0x0000000702d00000, 0x0000000702d00000| Untracked 
|  28|0x0000000702e00000, 0x0000000702e00000, 0x0000000702f00000|  0%| F|  |TAMS 0x0000000702e00000, 0x0000000702e00000| Untracked 
|  29|0x0000000702f00000, 0x0000000702f00000, 0x0000000703000000|  0%| F|  |TAMS 0x0000000702f00000, 0x0000000702f00000| Untracked 
|  30|0x0000000703000000, 0x0000000703000000, 0x0000000703100000|  0%| F|  |TAMS 0x0000000703000000, 0x0000000703000000| Untracked 
|  31|0x0000000703100000, 0x0000000703100000, 0x0000000703200000|  0%| F|  |TAMS 0x0000000703100000, 0x0000000703100000| Untracked 
|  32|0x0000000703200000, 0x0000000703200000, 0x0000000703300000|  0%| F|  |TAMS 0x0000000703200000, 0x0000000703200000| Untracked 
|  33|0x0000000703300000, 0x0000000703300000, 0x0000000703400000|  0%| F|  |TAMS 0x0000000703300000, 0x0000000703300000| Untracked 
|  34|0x0000000703400000, 0x0000000703400000, 0x0000000703500000|  0%| F|  |TAMS 0x0000000703400000, 0x0000000703400000| Untracked 
|  35|0x0000000703500000, 0x0000000703500000, 0x0000000703600000|  0%| F|  |TAMS 0x0000000703500000, 0x0000000703500000| Untracked 
|  36|0x0000000703600000, 0x0000000703600000, 0x0000000703700000|  0%| F|  |TAMS 0x0000000703600000, 0x0000000703600000| Untracked 
|  37|0x0000000703700000, 0x0000000703700000, 0x0000000703800000|  0%| F|  |TAMS 0x0000000703700000, 0x0000000703700000| Untracked 
|  38|0x0000000703800000, 0x0000000703800000, 0x0000000703900000|  0%| F|  |TAMS 0x0000000703800000, 0x0000000703800000| Untracked 
|  39|0x0000000703900000, 0x0000000703900000, 0x0000000703a00000|  0%| F|  |TAMS 0x0000000703900000, 0x0000000703900000| Untracked 
|  40|0x0000000703a00000, 0x0000000703a00000, 0x0000000703b00000|  0%| F|  |TAMS 0x0000000703a00000, 0x0000000703a00000| Untracked 
|  41|0x0000000703b00000, 0x0000000703b00000, 0x0000000703c00000|  0%| F|  |TAMS 0x0000000703b00000, 0x0000000703b00000| Untracked 
|  42|0x0000000703c00000, 0x0000000703c00000, 0x0000000703d00000|  0%| F|  |TAMS 0x0000000703c00000, 0x0000000703c00000| Untracked 
|  43|0x0000000703d00000, 0x0000000703d00000, 0x0000000703e00000|  0%| F|  |TAMS 0x0000000703d00000, 0x0000000703d00000| Untracked 
|  44|0x0000000703e00000, 0x0000000703e00000, 0x0000000703f00000|  0%| F|  |TAMS 0x0000000703e00000, 0x0000000703e00000| Untracked 
|  45|0x0000000703f00000, 0x0000000703f00000, 0x0000000704000000|  0%| F|  |TAMS 0x0000000703f00000, 0x0000000703f00000| Untracked 
|  46|0x0000000704000000, 0x0000000704000000, 0x0000000704100000|  0%| F|  |TAMS 0x0000000704000000, 0x0000000704000000| Untracked 
|  47|0x0000000704100000, 0x0000000704100000, 0x0000000704200000|  0%| F|  |TAMS 0x0000000704100000, 0x0000000704100000| Untracked 
|  48|0x0000000704200000, 0x0000000704200000, 0x0000000704300000|  0%| F|  |TAMS 0x0000000704200000, 0x0000000704200000| Untracked 
|  49|0x0000000704300000, 0x0000000704300000, 0x0000000704400000|  0%| F|  |TAMS 0x0000000704300000, 0x0000000704300000| Untracked 
|  50|0x0000000704400000, 0x0000000704400000, 0x0000000704500000|  0%| F|  |TAMS 0x0000000704400000, 0x0000000704400000| Untracked 
|  51|0x0000000704500000, 0x0000000704500000, 0x0000000704600000|  0%| F|  |TAMS 0x0000000704500000, 0x0000000704500000| Untracked 
|  52|0x0000000704600000, 0x0000000704600000, 0x0000000704700000|  0%| F|  |TAMS 0x0000000704600000, 0x0000000704600000| Untracked 
|  53|0x0000000704700000, 0x0000000704700000, 0x0000000704800000|  0%| F|  |TAMS 0x0000000704700000, 0x0000000704700000| Untracked 
|  54|0x0000000704800000, 0x0000000704800000, 0x0000000704900000|  0%| F|  |TAMS 0x0000000704800000, 0x0000000704800000| Untracked 
|  55|0x0000000704900000, 0x0000000704900000, 0x0000000704a00000|  0%| F|  |TAMS 0x0000000704900000, 0x0000000704900000| Untracked 
|  56|0x0000000704a00000, 0x0000000704a00000, 0x0000000704b00000|  0%| F|  |TAMS 0x0000000704a00000, 0x0000000704a00000| Untracked 
|  57|0x0000000704b00000, 0x0000000704b00000, 0x0000000704c00000|  0%| F|  |TAMS 0x0000000704b00000, 0x0000000704b00000| Untracked 
|  58|0x0000000704c00000, 0x0000000704c00000, 0x0000000704d00000|  0%| F|  |TAMS 0x0000000704c00000, 0x0000000704c00000| Untracked 
|  59|0x0000000704d00000, 0x0000000704d00000, 0x0000000704e00000|  0%| F|  |TAMS 0x0000000704d00000, 0x0000000704d00000| Untracked 
|  60|0x0000000704e00000, 0x0000000704e00000, 0x0000000704f00000|  0%| F|  |TAMS 0x0000000704e00000, 0x0000000704e00000| Untracked 
|  61|0x0000000704f00000, 0x0000000704f00000, 0x0000000705000000|  0%| F|  |TAMS 0x0000000704f00000, 0x0000000704f00000| Untracked 
|  62|0x0000000705000000, 0x0000000705000000, 0x0000000705100000|  0%| F|  |TAMS 0x0000000705000000, 0x0000000705000000| Untracked 
|  63|0x0000000705100000, 0x0000000705100000, 0x0000000705200000|  0%| F|  |TAMS 0x0000000705100000, 0x0000000705100000| Untracked 
|  64|0x0000000705200000, 0x0000000705200000, 0x0000000705300000|  0%| F|  |TAMS 0x0000000705200000, 0x0000000705200000| Untracked 
|  65|0x0000000705300000, 0x0000000705300000, 0x0000000705400000|  0%| F|  |TAMS 0x0000000705300000, 0x0000000705300000| Untracked 
|  66|0x0000000705400000, 0x0000000705400000, 0x0000000705500000|  0%| F|  |TAMS 0x0000000705400000, 0x0000000705400000| Untracked 
|  67|0x0000000705500000, 0x0000000705500000, 0x0000000705600000|  0%| F|  |TAMS 0x0000000705500000, 0x0000000705500000| Untracked 
|  68|0x0000000705600000, 0x0000000705600000, 0x0000000705700000|  0%| F|  |TAMS 0x0000000705600000, 0x0000000705600000| Untracked 
|  69|0x0000000705700000, 0x0000000705700000, 0x0000000705800000|  0%| F|  |TAMS 0x0000000705700000, 0x0000000705700000| Untracked 
|  70|0x0000000705800000, 0x0000000705800000, 0x0000000705900000|  0%| F|  |TAMS 0x0000000705800000, 0x0000000705800000| Untracked 
|  71|0x0000000705900000, 0x0000000705900000, 0x0000000705a00000|  0%| F|  |TAMS 0x0000000705900000, 0x0000000705900000| Untracked 
|  72|0x0000000705a00000, 0x0000000705a00000, 0x0000000705b00000|  0%| F|  |TAMS 0x0000000705a00000, 0x0000000705a00000| Untracked 
|  73|0x0000000705b00000, 0x0000000705b00000, 0x0000000705c00000|  0%| F|  |TAMS 0x0000000705b00000, 0x0000000705b00000| Untracked 
|  74|0x0000000705c00000, 0x0000000705c00000, 0x0000000705d00000|  0%| F|  |TAMS 0x0000000705c00000, 0x0000000705c00000| Untracked 
|  75|0x0000000705d00000, 0x0000000705d00000, 0x0000000705e00000|  0%| F|  |TAMS 0x0000000705d00000, 0x0000000705d00000| Untracked 
|  76|0x0000000705e00000, 0x0000000705e00000, 0x0000000705f00000|  0%| F|  |TAMS 0x0000000705e00000, 0x0000000705e00000| Untracked 
|  77|0x0000000705f00000, 0x0000000705f00000, 0x0000000706000000|  0%| F|  |TAMS 0x0000000705f00000, 0x0000000705f00000| Untracked 
|  78|0x0000000706000000, 0x0000000706000000, 0x0000000706100000|  0%| F|  |TAMS 0x0000000706000000, 0x0000000706000000| Untracked 
|  79|0x0000000706100000, 0x0000000706100000, 0x0000000706200000|  0%| F|  |TAMS 0x0000000706100000, 0x0000000706100000| Untracked 
|  80|0x0000000706200000, 0x0000000706200000, 0x0000000706300000|  0%| F|  |TAMS 0x0000000706200000, 0x0000000706200000| Untracked 
|  81|0x0000000706300000, 0x0000000706300000, 0x0000000706400000|  0%| F|  |TAMS 0x0000000706300000, 0x0000000706300000| Untracked 
|  82|0x0000000706400000, 0x0000000706400000, 0x0000000706500000|  0%| F|  |TAMS 0x0000000706400000, 0x0000000706400000| Untracked 
|  83|0x0000000706500000, 0x0000000706500000, 0x0000000706600000|  0%| F|  |TAMS 0x0000000706500000, 0x0000000706500000| Untracked 
|  84|0x0000000706600000, 0x0000000706600000, 0x0000000706700000|  0%| F|  |TAMS 0x0000000706600000, 0x0000000706600000| Untracked 
|  85|0x0000000706700000, 0x0000000706700000, 0x0000000706800000|  0%| F|  |TAMS 0x0000000706700000, 0x0000000706700000| Untracked 
|  86|0x0000000706800000, 0x0000000706800000, 0x0000000706900000|  0%| F|  |TAMS 0x0000000706800000, 0x0000000706800000| Untracked 
|  87|0x0000000706900000, 0x0000000706900000, 0x0000000706a00000|  0%| F|  |TAMS 0x0000000706900000, 0x0000000706900000| Untracked 
|  88|0x0000000706a00000, 0x0000000706a00000, 0x0000000706b00000|  0%| F|  |TAMS 0x0000000706a00000, 0x0000000706a00000| Untracked 
|  89|0x0000000706b00000, 0x0000000706b00000, 0x0000000706c00000|  0%| F|  |TAMS 0x0000000706b00000, 0x0000000706b00000| Untracked 
|  90|0x0000000706c00000, 0x0000000706c00000, 0x0000000706d00000|  0%| F|  |TAMS 0x0000000706c00000, 0x0000000706c00000| Untracked 
|  91|0x0000000706d00000, 0x0000000706d00000, 0x0000000706e00000|  0%| F|  |TAMS 0x0000000706d00000, 0x0000000706d00000| Untracked 
|  92|0x0000000706e00000, 0x0000000706e00000, 0x0000000706f00000|  0%| F|  |TAMS 0x0000000706e00000, 0x0000000706e00000| Untracked 
|  93|0x0000000706f00000, 0x0000000706f00000, 0x0000000707000000|  0%| F|  |TAMS 0x0000000706f00000, 0x0000000706f00000| Untracked 
|  94|0x0000000707000000, 0x0000000707000000, 0x0000000707100000|  0%| F|  |TAMS 0x0000000707000000, 0x0000000707000000| Untracked 
|  95|0x0000000707100000, 0x0000000707100000, 0x0000000707200000|  0%| F|  |TAMS 0x0000000707100000, 0x0000000707100000| Untracked 
|  96|0x0000000707200000, 0x0000000707200000, 0x0000000707300000|  0%| F|  |TAMS 0x0000000707200000, 0x0000000707200000| Untracked 
|  97|0x0000000707300000, 0x0000000707300000, 0x0000000707400000|  0%| F|  |TAMS 0x0000000707300000, 0x0000000707300000| Untracked 
|  98|0x0000000707400000, 0x0000000707400000, 0x0000000707500000|  0%| F|  |TAMS 0x0000000707400000, 0x0000000707400000| Untracked 
|  99|0x0000000707500000, 0x0000000707500000, 0x0000000707600000|  0%| F|  |TAMS 0x0000000707500000, 0x0000000707500000| Untracked 
| 100|0x0000000707600000, 0x0000000707600000, 0x0000000707700000|  0%| F|  |TAMS 0x0000000707600000, 0x0000000707600000| Untracked 
| 101|0x0000000707700000, 0x0000000707700000, 0x0000000707800000|  0%| F|  |TAMS 0x0000000707700000, 0x0000000707700000| Untracked 
| 102|0x0000000707800000, 0x0000000707800000, 0x0000000707900000|  0%| F|  |TAMS 0x0000000707800000, 0x0000000707800000| Untracked 
| 103|0x0000000707900000, 0x0000000707900000, 0x0000000707a00000|  0%| F|  |TAMS 0x0000000707900000, 0x0000000707900000| Untracked 
| 104|0x0000000707a00000, 0x0000000707a00000, 0x0000000707b00000|  0%| F|  |TAMS 0x0000000707a00000, 0x0000000707a00000| Untracked 
| 105|0x0000000707b00000, 0x0000000707b00000, 0x0000000707c00000|  0%| F|  |TAMS 0x0000000707b00000, 0x0000000707b00000| Untracked 
| 106|0x0000000707c00000, 0x0000000707c00000, 0x0000000707d00000|  0%| F|  |TAMS 0x0000000707c00000, 0x0000000707c00000| Untracked 
| 107|0x0000000707d00000, 0x0000000707d00000, 0x0000000707e00000|  0%| F|  |TAMS 0x0000000707d00000, 0x0000000707d00000| Untracked 
| 108|0x0000000707e00000, 0x0000000707e00000, 0x0000000707f00000|  0%| F|  |TAMS 0x0000000707e00000, 0x0000000707e00000| Untracked 
| 109|0x0000000707f00000, 0x0000000707f00000, 0x0000000708000000|  0%| F|  |TAMS 0x0000000707f00000, 0x0000000707f00000| Untracked 
| 110|0x0000000708000000, 0x0000000708000000, 0x0000000708100000|  0%| F|  |TAMS 0x0000000708000000, 0x0000000708000000| Untracked 
| 111|0x0000000708100000, 0x0000000708100000, 0x0000000708200000|  0%| F|  |TAMS 0x0000000708100000, 0x0000000708100000| Untracked 
| 112|0x0000000708200000, 0x0000000708200000, 0x0000000708300000|  0%| F|  |TAMS 0x0000000708200000, 0x0000000708200000| Untracked 
| 113|0x0000000708300000, 0x0000000708300000, 0x0000000708400000|  0%| F|  |TAMS 0x0000000708300000, 0x0000000708300000| Untracked 
| 114|0x0000000708400000, 0x0000000708400000, 0x0000000708500000|  0%| F|  |TAMS 0x0000000708400000, 0x0000000708400000| Untracked 
| 115|0x0000000708500000, 0x0000000708500000, 0x0000000708600000|  0%| F|  |TAMS 0x0000000708500000, 0x0000000708500000| Untracked 
| 116|0x0000000708600000, 0x0000000708600000, 0x0000000708700000|  0%| F|  |TAMS 0x0000000708600000, 0x0000000708600000| Untracked 
| 117|0x0000000708700000, 0x0000000708700000, 0x0000000708800000|  0%| F|  |TAMS 0x0000000708700000, 0x0000000708700000| Untracked 
| 118|0x0000000708800000, 0x0000000708800000, 0x0000000708900000|  0%| F|  |TAMS 0x0000000708800000, 0x0000000708800000| Untracked 
| 119|0x0000000708900000, 0x0000000708900000, 0x0000000708a00000|  0%| F|  |TAMS 0x0000000708900000, 0x0000000708900000| Untracked 
| 120|0x0000000708a00000, 0x0000000708a00000, 0x0000000708b00000|  0%| F|  |TAMS 0x0000000708a00000, 0x0000000708a00000| Untracked 
| 121|0x0000000708b00000, 0x0000000708b00000, 0x0000000708c00000|  0%| F|  |TAMS 0x0000000708b00000, 0x0000000708b00000| Untracked 
| 122|0x0000000708c00000, 0x0000000708c00000, 0x0000000708d00000|  0%| F|  |TAMS 0x0000000708c00000, 0x0000000708c00000| Untracked 
| 123|0x0000000708d00000, 0x0000000708d00000, 0x0000000708e00000|  0%| F|  |TAMS 0x0000000708d00000, 0x0000000708d00000| Untracked 
| 124|0x0000000708e00000, 0x0000000708e00000, 0x0000000708f00000|  0%| F|  |TAMS 0x0000000708e00000, 0x0000000708e00000| Untracked 
| 125|0x0000000708f00000, 0x0000000708f00000, 0x0000000709000000|  0%| F|  |TAMS 0x0000000708f00000, 0x0000000708f00000| Untracked 
| 126|0x0000000709000000, 0x0000000709000000, 0x0000000709100000|  0%| F|  |TAMS 0x0000000709000000, 0x0000000709000000| Untracked 
| 127|0x0000000709100000, 0x0000000709100000, 0x0000000709200000|  0%| F|  |TAMS 0x0000000709100000, 0x0000000709100000| Untracked 
| 128|0x0000000709200000, 0x0000000709200000, 0x0000000709300000|  0%| F|  |TAMS 0x0000000709200000, 0x0000000709200000| Untracked 
| 129|0x0000000709300000, 0x0000000709300000, 0x0000000709400000|  0%| F|  |TAMS 0x0000000709300000, 0x0000000709300000| Untracked 
| 130|0x0000000709400000, 0x0000000709400000, 0x0000000709500000|  0%| F|  |TAMS 0x0000000709400000, 0x0000000709400000| Untracked 
| 131|0x0000000709500000, 0x0000000709500000, 0x0000000709600000|  0%| F|  |TAMS 0x0000000709500000, 0x0000000709500000| Untracked 
| 132|0x0000000709600000, 0x0000000709600000, 0x0000000709700000|  0%| F|  |TAMS 0x0000000709600000, 0x0000000709600000| Untracked 
| 133|0x0000000709700000, 0x0000000709700000, 0x0000000709800000|  0%| F|  |TAMS 0x0000000709700000, 0x0000000709700000| Untracked 
| 134|0x0000000709800000, 0x0000000709800000, 0x0000000709900000|  0%| F|  |TAMS 0x0000000709800000, 0x0000000709800000| Untracked 
| 135|0x0000000709900000, 0x0000000709900000, 0x0000000709a00000|  0%| F|  |TAMS 0x0000000709900000, 0x0000000709900000| Untracked 
| 136|0x0000000709a00000, 0x0000000709a00000, 0x0000000709b00000|  0%| F|  |TAMS 0x0000000709a00000, 0x0000000709a00000| Untracked 
| 137|0x0000000709b00000, 0x0000000709b82010, 0x0000000709c00000| 50%| E|  |TAMS 0x0000000709b00000, 0x0000000709b00000| Complete 
| 138|0x0000000709c00000, 0x0000000709d00000, 0x0000000709d00000|100%| E|CS|TAMS 0x0000000709c00000, 0x0000000709c00000| Complete 
| 139|0x0000000709d00000, 0x0000000709e00000, 0x0000000709e00000|100%| E|CS|TAMS 0x0000000709d00000, 0x0000000709d00000| Complete 
| 140|0x0000000709e00000, 0x0000000709f00000, 0x0000000709f00000|100%| E|CS|TAMS 0x0000000709e00000, 0x0000000709e00000| Complete 
| 141|0x0000000709f00000, 0x000000070a000000, 0x000000070a000000|100%| E|CS|TAMS 0x0000000709f00000, 0x0000000709f00000| Complete 
| 142|0x000000070a000000, 0x000000070a100000, 0x000000070a100000|100%| E|CS|TAMS 0x000000070a000000, 0x000000070a000000| Complete 
| 143|0x000000070a100000, 0x000000070a200000, 0x000000070a200000|100%| E|CS|TAMS 0x000000070a100000, 0x000000070a100000| Complete 
| 144|0x000000070a200000, 0x000000070a300000, 0x000000070a300000|100%| E|CS|TAMS 0x000000070a200000, 0x000000070a200000| Complete 
| 145|0x000000070a300000, 0x000000070a400000, 0x000000070a400000|100%| E|CS|TAMS 0x000000070a300000, 0x000000070a300000| Complete 
| 146|0x000000070a400000, 0x000000070a500000, 0x000000070a500000|100%| E|CS|TAMS 0x000000070a400000, 0x000000070a400000| Complete 
| 147|0x000000070a500000, 0x000000070a600000, 0x000000070a600000|100%| E|CS|TAMS 0x000000070a500000, 0x000000070a500000| Complete 
| 148|0x000000070a600000, 0x000000070a700000, 0x000000070a700000|100%| E|CS|TAMS 0x000000070a600000, 0x000000070a600000| Complete 
| 149|0x000000070a700000, 0x000000070a800000, 0x000000070a800000|100%| E|CS|TAMS 0x000000070a700000, 0x000000070a700000| Complete 
| 150|0x000000070a800000, 0x000000070a900000, 0x000000070a900000|100%| E|CS|TAMS 0x000000070a800000, 0x000000070a800000| Complete 
| 151|0x000000070a900000, 0x000000070aa00000, 0x000000070aa00000|100%| E|CS|TAMS 0x000000070a900000, 0x000000070a900000| Complete 
| 152|0x000000070aa00000, 0x000000070ab00000, 0x000000070ab00000|100%| E|CS|TAMS 0x000000070aa00000, 0x000000070aa00000| Complete 
| 153|0x000000070ab00000, 0x000000070ac00000, 0x000000070ac00000|100%| E|CS|TAMS 0x000000070ab00000, 0x000000070ab00000| Complete 
| 154|0x000000070ac00000, 0x000000070ad00000, 0x000000070ad00000|100%| E|CS|TAMS 0x000000070ac00000, 0x000000070ac00000| Complete 
| 155|0x000000070ad00000, 0x000000070ae00000, 0x000000070ae00000|100%| E|CS|TAMS 0x000000070ad00000, 0x000000070ad00000| Complete 
| 156|0x000000070ae00000, 0x000000070af00000, 0x000000070af00000|100%| E|CS|TAMS 0x000000070ae00000, 0x000000070ae00000| Complete 
| 157|0x000000070af00000, 0x000000070b000000, 0x000000070b000000|100%| E|CS|TAMS 0x000000070af00000, 0x000000070af00000| Complete 
| 158|0x000000070b000000, 0x000000070b100000, 0x000000070b100000|100%| E|CS|TAMS 0x000000070b000000, 0x000000070b000000| Complete 
| 159|0x000000070b100000, 0x000000070b200000, 0x000000070b200000|100%| E|CS|TAMS 0x000000070b100000, 0x000000070b100000| Complete 
| 160|0x000000070b200000, 0x000000070b300000, 0x000000070b300000|100%| E|CS|TAMS 0x000000070b200000, 0x000000070b200000| Complete 
| 161|0x000000070b300000, 0x000000070b400000, 0x000000070b400000|100%| E|CS|TAMS 0x000000070b300000, 0x000000070b300000| Complete 
| 162|0x000000070b400000, 0x000000070b500000, 0x000000070b500000|100%| E|CS|TAMS 0x000000070b400000, 0x000000070b400000| Complete 
| 163|0x000000070b500000, 0x000000070b600000, 0x000000070b600000|100%| E|CS|TAMS 0x000000070b500000, 0x000000070b500000| Complete 
| 164|0x000000070b600000, 0x000000070b700000, 0x000000070b700000|100%| E|CS|TAMS 0x000000070b600000, 0x000000070b600000| Complete 
| 165|0x000000070b700000, 0x000000070b800000, 0x000000070b800000|100%| E|CS|TAMS 0x000000070b700000, 0x000000070b700000| Complete 
| 166|0x000000070b800000, 0x000000070b900000, 0x000000070b900000|100%| E|CS|TAMS 0x000000070b800000, 0x000000070b800000| Complete 
| 167|0x000000070b900000, 0x000000070ba00000, 0x000000070ba00000|100%| E|CS|TAMS 0x000000070b900000, 0x000000070b900000| Complete 
| 168|0x000000070ba00000, 0x000000070bb00000, 0x000000070bb00000|100%| E|CS|TAMS 0x000000070ba00000, 0x000000070ba00000| Complete 
| 169|0x000000070bb00000, 0x000000070bc00000, 0x000000070bc00000|100%| E|CS|TAMS 0x000000070bb00000, 0x000000070bb00000| Complete 
| 170|0x000000070bc00000, 0x000000070bd00000, 0x000000070bd00000|100%| E|CS|TAMS 0x000000070bc00000, 0x000000070bc00000| Complete 
| 171|0x000000070bd00000, 0x000000070be00000, 0x000000070be00000|100%| E|CS|TAMS 0x000000070bd00000, 0x000000070bd00000| Complete 
| 172|0x000000070be00000, 0x000000070bf00000, 0x000000070bf00000|100%| E|CS|TAMS 0x000000070be00000, 0x000000070be00000| Complete 
| 173|0x000000070bf00000, 0x000000070c000000, 0x000000070c000000|100%| E|CS|TAMS 0x000000070bf00000, 0x000000070bf00000| Complete 
| 174|0x000000070c000000, 0x000000070c100000, 0x000000070c100000|100%| E|CS|TAMS 0x000000070c000000, 0x000000070c000000| Complete 
| 175|0x000000070c100000, 0x000000070c200000, 0x000000070c200000|100%| E|CS|TAMS 0x000000070c100000, 0x000000070c100000| Complete 
| 176|0x000000070c200000, 0x000000070c300000, 0x000000070c300000|100%| E|CS|TAMS 0x000000070c200000, 0x000000070c200000| Complete 
| 177|0x000000070c300000, 0x000000070c400000, 0x000000070c400000|100%| E|CS|TAMS 0x000000070c300000, 0x000000070c300000| Complete 
| 178|0x000000070c400000, 0x000000070c500000, 0x000000070c500000|100%| E|CS|TAMS 0x000000070c400000, 0x000000070c400000| Complete 
| 179|0x000000070c500000, 0x000000070c600000, 0x000000070c600000|100%| E|CS|TAMS 0x000000070c500000, 0x000000070c500000| Complete 
| 180|0x000000070c600000, 0x000000070c700000, 0x000000070c700000|100%| E|CS|TAMS 0x000000070c600000, 0x000000070c600000| Complete 
| 181|0x000000070c700000, 0x000000070c800000, 0x000000070c800000|100%| E|CS|TAMS 0x000000070c700000, 0x000000070c700000| Complete 
| 182|0x000000070c800000, 0x000000070c900000, 0x000000070c900000|100%| E|CS|TAMS 0x000000070c800000, 0x000000070c800000| Complete 
| 183|0x000000070c900000, 0x000000070ca00000, 0x000000070ca00000|100%| E|CS|TAMS 0x000000070c900000, 0x000000070c900000| Complete 
| 184|0x000000070ca00000, 0x000000070cb00000, 0x000000070cb00000|100%| E|CS|TAMS 0x000000070ca00000, 0x000000070ca00000| Complete 
| 185|0x000000070cb00000, 0x000000070cc00000, 0x000000070cc00000|100%| E|CS|TAMS 0x000000070cb00000, 0x000000070cb00000| Complete 
| 186|0x000000070cc00000, 0x000000070cd00000, 0x000000070cd00000|100%| E|CS|TAMS 0x000000070cc00000, 0x000000070cc00000| Complete 
| 187|0x000000070cd00000, 0x000000070ce00000, 0x000000070ce00000|100%| E|CS|TAMS 0x000000070cd00000, 0x000000070cd00000| Complete 
| 188|0x000000070ce00000, 0x000000070cf00000, 0x000000070cf00000|100%| E|CS|TAMS 0x000000070ce00000, 0x000000070ce00000| Complete 
| 189|0x000000070cf00000, 0x000000070d000000, 0x000000070d000000|100%| E|CS|TAMS 0x000000070cf00000, 0x000000070cf00000| Complete 
| 190|0x000000070d000000, 0x000000070d100000, 0x000000070d100000|100%| E|CS|TAMS 0x000000070d000000, 0x000000070d000000| Complete 
| 191|0x000000070d100000, 0x000000070d200000, 0x000000070d200000|100%| E|CS|TAMS 0x000000070d100000, 0x000000070d100000| Complete 
| 192|0x000000070d200000, 0x000000070d300000, 0x000000070d300000|100%| E|CS|TAMS 0x000000070d200000, 0x000000070d200000| Complete 
| 193|0x000000070d300000, 0x000000070d400000, 0x000000070d400000|100%| E|CS|TAMS 0x000000070d300000, 0x000000070d300000| Complete 
| 194|0x000000070d400000, 0x000000070d500000, 0x000000070d500000|100%| E|CS|TAMS 0x000000070d400000, 0x000000070d400000| Complete 
| 195|0x000000070d500000, 0x000000070d600000, 0x000000070d600000|100%| E|CS|TAMS 0x000000070d500000, 0x000000070d500000| Complete 
| 196|0x000000070d600000, 0x000000070d700000, 0x000000070d700000|100%| E|CS|TAMS 0x000000070d600000, 0x000000070d600000| Complete 
| 197|0x000000070d700000, 0x000000070d800000, 0x000000070d800000|100%| E|CS|TAMS 0x000000070d700000, 0x000000070d700000| Complete 
| 198|0x000000070d800000, 0x000000070d900000, 0x000000070d900000|100%| E|CS|TAMS 0x000000070d800000, 0x000000070d800000| Complete 
| 199|0x000000070d900000, 0x000000070da00000, 0x000000070da00000|100%| E|CS|TAMS 0x000000070d900000, 0x000000070d900000| Complete 
| 200|0x000000070da00000, 0x000000070db00000, 0x000000070db00000|100%| E|CS|TAMS 0x000000070da00000, 0x000000070da00000| Complete 
| 201|0x000000070db00000, 0x000000070dc00000, 0x000000070dc00000|100%| E|CS|TAMS 0x000000070db00000, 0x000000070db00000| Complete 
| 202|0x000000070dc00000, 0x000000070dd00000, 0x000000070dd00000|100%| E|CS|TAMS 0x000000070dc00000, 0x000000070dc00000| Complete 
| 203|0x000000070dd00000, 0x000000070de00000, 0x000000070de00000|100%| E|CS|TAMS 0x000000070dd00000, 0x000000070dd00000| Complete 
| 204|0x000000070de00000, 0x000000070df00000, 0x000000070df00000|100%| E|CS|TAMS 0x000000070de00000, 0x000000070de00000| Complete 
| 205|0x000000070df00000, 0x000000070e000000, 0x000000070e000000|100%| E|CS|TAMS 0x000000070df00000, 0x000000070df00000| Complete 
| 206|0x000000070e000000, 0x000000070e100000, 0x000000070e100000|100%| E|CS|TAMS 0x000000070e000000, 0x000000070e000000| Complete 
| 207|0x000000070e100000, 0x000000070e200000, 0x000000070e200000|100%| E|CS|TAMS 0x000000070e100000, 0x000000070e100000| Complete 
| 208|0x000000070e200000, 0x000000070e300000, 0x000000070e300000|100%| E|CS|TAMS 0x000000070e200000, 0x000000070e200000| Complete 
| 209|0x000000070e300000, 0x000000070e400000, 0x000000070e400000|100%| E|CS|TAMS 0x000000070e300000, 0x000000070e300000| Complete 
| 210|0x000000070e400000, 0x000000070e500000, 0x000000070e500000|100%| E|CS|TAMS 0x000000070e400000, 0x000000070e400000| Complete 
| 211|0x000000070e500000, 0x000000070e600000, 0x000000070e600000|100%| E|CS|TAMS 0x000000070e500000, 0x000000070e500000| Complete 
| 212|0x000000070e600000, 0x000000070e700000, 0x000000070e700000|100%| E|CS|TAMS 0x000000070e600000, 0x000000070e600000| Complete 
| 213|0x000000070e700000, 0x000000070e800000, 0x000000070e800000|100%| E|CS|TAMS 0x000000070e700000, 0x000000070e700000| Complete 
| 214|0x000000070e800000, 0x000000070e900000, 0x000000070e900000|100%| E|CS|TAMS 0x000000070e800000, 0x000000070e800000| Complete 
| 215|0x000000070e900000, 0x000000070ea00000, 0x000000070ea00000|100%| E|CS|TAMS 0x000000070e900000, 0x000000070e900000| Complete 
| 216|0x000000070ea00000, 0x000000070eb00000, 0x000000070eb00000|100%| E|CS|TAMS 0x000000070ea00000, 0x000000070ea00000| Complete 
| 217|0x000000070eb00000, 0x000000070ec00000, 0x000000070ec00000|100%| E|CS|TAMS 0x000000070eb00000, 0x000000070eb00000| Complete 
| 218|0x000000070ec00000, 0x000000070ed00000, 0x000000070ed00000|100%| E|CS|TAMS 0x000000070ec00000, 0x000000070ec00000| Complete 
| 219|0x000000070ed00000, 0x000000070ee00000, 0x000000070ee00000|100%| E|CS|TAMS 0x000000070ed00000, 0x000000070ed00000| Complete 
| 220|0x000000070ee00000, 0x000000070ef00000, 0x000000070ef00000|100%| E|CS|TAMS 0x000000070ee00000, 0x000000070ee00000| Complete 
| 221|0x000000070ef00000, 0x000000070f000000, 0x000000070f000000|100%| E|CS|TAMS 0x000000070ef00000, 0x000000070ef00000| Complete 
| 222|0x000000070f000000, 0x000000070f100000, 0x000000070f100000|100%| E|CS|TAMS 0x000000070f000000, 0x000000070f000000| Complete 
| 223|0x000000070f100000, 0x000000070f200000, 0x000000070f200000|100%| E|CS|TAMS 0x000000070f100000, 0x000000070f100000| Complete 
| 224|0x000000070f200000, 0x000000070f300000, 0x000000070f300000|100%| E|CS|TAMS 0x000000070f200000, 0x000000070f200000| Complete 
| 225|0x000000070f300000, 0x000000070f400000, 0x000000070f400000|100%| E|CS|TAMS 0x000000070f300000, 0x000000070f300000| Complete 
| 226|0x000000070f400000, 0x000000070f500000, 0x000000070f500000|100%| E|CS|TAMS 0x000000070f400000, 0x000000070f400000| Complete 
| 227|0x000000070f500000, 0x000000070f600000, 0x000000070f600000|100%| E|CS|TAMS 0x000000070f500000, 0x000000070f500000| Complete 
| 228|0x000000070f600000, 0x000000070f700000, 0x000000070f700000|100%| E|CS|TAMS 0x000000070f600000, 0x000000070f600000| Complete 
| 229|0x000000070f700000, 0x000000070f800000, 0x000000070f800000|100%| S|CS|TAMS 0x000000070f700000, 0x000000070f700000| Complete 
| 230|0x000000070f800000, 0x000000070f900000, 0x000000070f900000|100%| S|CS|TAMS 0x000000070f800000, 0x000000070f800000| Complete 
| 231|0x000000070f900000, 0x000000070fa00000, 0x000000070fa00000|100%| S|CS|TAMS 0x000000070f900000, 0x000000070f900000| Complete 
| 232|0x000000070fa00000, 0x000000070fb00000, 0x000000070fb00000|100%| E|CS|TAMS 0x000000070fa00000, 0x000000070fa00000| Complete 
| 233|0x000000070fb00000, 0x000000070fc00000, 0x000000070fc00000|100%| E|CS|TAMS 0x000000070fb00000, 0x000000070fb00000| Complete 
| 234|0x000000070fc00000, 0x000000070fd00000, 0x000000070fd00000|100%| E|CS|TAMS 0x000000070fc00000, 0x000000070fc00000| Complete 
| 235|0x000000070fd00000, 0x000000070fe00000, 0x000000070fe00000|100%| E|CS|TAMS 0x000000070fd00000, 0x000000070fd00000| Complete 
| 236|0x000000070fe00000, 0x000000070ff00000, 0x000000070ff00000|100%| E|CS|TAMS 0x000000070fe00000, 0x000000070fe00000| Complete 
| 237|0x000000070ff00000, 0x0000000710000000, 0x0000000710000000|100%| E|CS|TAMS 0x000000070ff00000, 0x000000070ff00000| Complete 
| 238|0x0000000710000000, 0x0000000710100000, 0x0000000710100000|100%| E|CS|TAMS 0x0000000710000000, 0x0000000710000000| Complete 
| 239|0x0000000710100000, 0x0000000710200000, 0x0000000710200000|100%| E|CS|TAMS 0x0000000710100000, 0x0000000710100000| Complete 
| 240|0x0000000710200000, 0x0000000710300000, 0x0000000710300000|100%| E|CS|TAMS 0x0000000710200000, 0x0000000710200000| Complete 
| 241|0x0000000710300000, 0x0000000710400000, 0x0000000710400000|100%| E|CS|TAMS 0x0000000710300000, 0x0000000710300000| Complete 
| 242|0x0000000710400000, 0x0000000710500000, 0x0000000710500000|100%| E|CS|TAMS 0x0000000710400000, 0x0000000710400000| Complete 
| 243|0x0000000710500000, 0x0000000710600000, 0x0000000710600000|100%| E|CS|TAMS 0x0000000710500000, 0x0000000710500000| Complete 
| 244|0x0000000710600000, 0x0000000710700000, 0x0000000710700000|100%| E|CS|TAMS 0x0000000710600000, 0x0000000710600000| Complete 
| 245|0x0000000710700000, 0x0000000710800000, 0x0000000710800000|100%| E|CS|TAMS 0x0000000710700000, 0x0000000710700000| Complete 
| 246|0x0000000710800000, 0x0000000710900000, 0x0000000710900000|100%| E|CS|TAMS 0x0000000710800000, 0x0000000710800000| Complete 
| 247|0x0000000710900000, 0x0000000710a00000, 0x0000000710a00000|100%| E|CS|TAMS 0x0000000710900000, 0x0000000710900000| Complete 
| 248|0x0000000710a00000, 0x0000000710b00000, 0x0000000710b00000|100%| E|CS|TAMS 0x0000000710a00000, 0x0000000710a00000| Complete 
| 249|0x0000000710b00000, 0x0000000710c00000, 0x0000000710c00000|100%| E|CS|TAMS 0x0000000710b00000, 0x0000000710b00000| Complete 
| 250|0x0000000710c00000, 0x0000000710d00000, 0x0000000710d00000|100%| E|CS|TAMS 0x0000000710c00000, 0x0000000710c00000| Complete 
| 251|0x0000000710d00000, 0x0000000710e00000, 0x0000000710e00000|100%| E|CS|TAMS 0x0000000710d00000, 0x0000000710d00000| Complete 
| 252|0x0000000710e00000, 0x0000000710f00000, 0x0000000710f00000|100%| E|CS|TAMS 0x0000000710e00000, 0x0000000710e00000| Complete 
| 253|0x0000000710f00000, 0x0000000711000000, 0x0000000711000000|100%| E|CS|TAMS 0x0000000710f00000, 0x0000000710f00000| Complete 
| 254|0x0000000711000000, 0x0000000711100000, 0x0000000711100000|100%| E|CS|TAMS 0x0000000711000000, 0x0000000711000000| Complete 
| 255|0x0000000711100000, 0x0000000711200000, 0x0000000711200000|100%| E|CS|TAMS 0x0000000711100000, 0x0000000711100000| Complete 

Card table byte_map: [0x000002e144960000,0x000002e145160000] _byte_map_base: 0x000002e141157000

Marking Bits (Prev, Next): (CMBitMap*) 0x000002e12c178e88, (CMBitMap*) 0x000002e12c178ec0
 Prev Bits: [0x000002e145960000, 0x000002e149918000)
 Next Bits: [0x000002e149920000, 0x000002e14d8d8000)

Polling page: 0x000002e129fc0000

Metaspace:

Usage:
  Non-class:     18.59 MB capacity,    18.36 MB ( 99%) used,   205.23 KB (  1%) free+waste,    29.69 KB ( <1%) overhead. 
      Class:      1.90 MB capacity,     1.81 MB ( 95%) used,    85.54 KB (  4%) free+waste,    12.00 KB ( <1%) overhead. 
       Both:     20.49 MB capacity,    20.17 MB ( 98%) used,   290.77 KB (  1%) free+waste,    41.69 KB ( <1%) overhead. 

Virtual space:
  Non-class space:       20.00 MB reserved,      18.75 MB ( 94%) committed 
      Class space:        1.00 GB reserved,       2.00 MB ( <1%) committed 
             Both:        1.02 GB reserved,      20.75 MB (  2%) committed 

Chunk freelists:
   Non-Class:  39.00 KB
       Class:  3.00 KB
        Both:  42.00 KB

MaxMetaspaceSize: 17179869184.00 GB
CompressedClassSpaceSize: 1.00 GB
Initial GC threshold: 20.80 MB
Current GC threshold: 20.80 MB
CDS: off

CodeHeap 'non-profiled nmethods': size=119168Kb used=1666Kb max_used=1666Kb free=117502Kb
 bounds [0x000002e13c480000, 0x000002e13c6f0000, 0x000002e1438e0000]
CodeHeap 'profiled nmethods': size=119168Kb used=6578Kb max_used=6578Kb free=112590Kb
 bounds [0x000002e135020000, 0x000002e135690000, 0x000002e13c480000]
CodeHeap 'non-nmethods': size=7424Kb used=2854Kb max_used=2930Kb free=4569Kb
 bounds [0x000002e1348e0000, 0x000002e134bd0000, 0x000002e135020000]
 total_blobs=2881 nmethods=2452 adapters=338
 compilation: enabled
              stopped_count=0, restarted_count=0
 full_count=0

Compilation events (20 events):
Event: 1.294 Thread 0x000002e15135c000 2436 %     4       org.aspectj.apache.bcel.generic.MethodGen::<init> @ 680 (998 bytes)
Event: 1.298 Thread 0x000002e1543c6000 nmethod 2433 0x000002e13c615590 code [0x000002e13c615740, 0x000002e13c615af8]
Event: 1.298 Thread 0x000002e1543c6000 2437   !   4       org.aspectj.apache.bcel.generic.InstructionList::<init> (367 bytes)
Event: 1.303 Thread 0x000002e1514dc000 2440       1       java.util.zip.ZipFile$ZipFileInputStream::size (5 bytes)
Event: 1.303 Thread 0x000002e1514dc000 nmethod 2440 0x000002e13c615d10 code [0x000002e13c615ec0, 0x000002e13c615f78]
Event: 1.304 Thread 0x000002e151533800 nmethod 2430 0x000002e13c616010 code [0x000002e13c6161e0, 0x000002e13c616be8]
Event: 1.304 Thread 0x000002e151533800 2438       4       sun.net.www.protocol.file.Handler::parseURL (18 bytes)
Event: 1.309 Thread 0x000002e154432800 nmethod 2411 0x000002e13c617190 code [0x000002e13c617460, 0x000002e13c619080]
Event: 1.309 Thread 0x000002e154432800 2441       4       org.aspectj.apache.bcel.classfile.Attribute::readAttribute (568 bytes)
Event: 1.315 Thread 0x000002e151533800 nmethod 2438 0x000002e13c61a090 code [0x000002e13c61a260, 0x000002e13c61a828]
Event: 1.315 Thread 0x000002e151533800 2442       4       org.aspectj.apache.bcel.generic.InstructionHandle::setInstruction (20 bytes)
Event: 1.317 Thread 0x000002e151533800 nmethod 2442 0x000002e13c61ab90 code [0x000002e13c61ad20, 0x000002e13c61ae78]
Event: 1.317 Thread 0x000002e151533800 2443       4       org.aspectj.apache.bcel.generic.BranchHandle::getPosition (8 bytes)
Event: 1.318 Thread 0x000002e151533800 nmethod 2443 0x000002e13c61af10 code [0x000002e13c61b0a0, 0x000002e13c61b118]
Event: 1.318 Thread 0x000002e151533800 2439 % !   4       java.util.concurrent.ConcurrentHashMap::transfer @ 96 (828 bytes)
Event: 1.318 Thread 0x000002e1514df000 2444       1       org.aspectj.weaver.MemberImpl::getType (5 bytes)
Event: 1.318 Thread 0x000002e1514df000 nmethod 2444 0x000002e13c61b210 code [0x000002e13c61b3c0, 0x000002e13c61b478]
Event: 1.323 Thread 0x000002e155ed8800 nmethod 2424% 0x000002e13c61b510 code [0x000002e13c61b780, 0x000002e13c61ca98]
Event: 1.323 Thread 0x000002e155ed8800 2445       4       java.lang.ref.Reference::<init> (25 bytes)
Event: 1.324 Thread 0x000002e155ed8800 nmethod 2445 0x000002e13c61d490 code [0x000002e13c61d620, 0x000002e13c61d838]

GC Heap History (2 events):
Event: 0.340 GC heap before
{Heap before GC invocations=0 (full 0):
 garbage-first heap   total 262144K, used 23552K [0x0000000701200000, 0x0000000800000000)
  region size 1024K, 24 young (24576K), 0 survivors (0K)
 Metaspace       used 11876K, capacity 12025K, committed 12288K, reserved 1060864K
  class space    used 1101K, capacity 1157K, committed 1280K, reserved 1048576K
}
Event: 0.344 GC heap after
{Heap after GC invocations=1 (full 0):
 garbage-first heap   total 262144K, used 4799K [0x0000000701200000, 0x0000000800000000)
  region size 1024K, 3 young (3072K), 3 survivors (3072K)
 Metaspace       used 11876K, capacity 12025K, committed 12288K, reserved 1060864K
  class space    used 1101K, capacity 1157K, committed 1280K, reserved 1048576K
}

Deoptimization events (20 events):
Event: 1.282 Thread 0x000002e12c116800 Uncommon trap: trap_request=0xffffffc6 fr.pc=0x000002e13c558268 relative=0x0000000000000288
Event: 1.282 Thread 0x000002e12c116800 Uncommon trap: reason=bimorphic_or_optimized_type_check action=maybe_recompile pc=0x000002e13c558268 method=org.aspectj.weaver.World.resolve(Lorg/aspectj/weaver/ResolvedType;)Lorg/aspectj/weaver/ResolvedType; @ 36 c2
Event: 1.282 Thread 0x000002e12c116800 DEOPT PACKING pc=0x000002e13c558268 sp=0x000000e8e8df9480
Event: 1.282 Thread 0x000002e12c116800 DEOPT UNPACKING pc=0x000002e13492a1af sp=0x000000e8e8df9430 mode 2
Event: 1.282 Thread 0x000002e12c116800 Uncommon trap: trap_request=0xffffffc6 fr.pc=0x000002e13c558268 relative=0x0000000000000288
Event: 1.282 Thread 0x000002e12c116800 Uncommon trap: reason=bimorphic_or_optimized_type_check action=maybe_recompile pc=0x000002e13c558268 method=org.aspectj.weaver.World.resolve(Lorg/aspectj/weaver/ResolvedType;)Lorg/aspectj/weaver/ResolvedType; @ 36 c2
Event: 1.282 Thread 0x000002e12c116800 DEOPT PACKING pc=0x000002e13c558268 sp=0x000000e8e8df8f00
Event: 1.282 Thread 0x000002e12c116800 DEOPT UNPACKING pc=0x000002e13492a1af sp=0x000000e8e8df8eb0 mode 2
Event: 1.282 Thread 0x000002e12c116800 Uncommon trap: trap_request=0xffffffc6 fr.pc=0x000002e13c558268 relative=0x0000000000000288
Event: 1.282 Thread 0x000002e12c116800 Uncommon trap: reason=bimorphic_or_optimized_type_check action=maybe_recompile pc=0x000002e13c558268 method=org.aspectj.weaver.World.resolve(Lorg/aspectj/weaver/ResolvedType;)Lorg/aspectj/weaver/ResolvedType; @ 36 c2
Event: 1.283 Thread 0x000002e12c116800 DEOPT PACKING pc=0x000002e13c558268 sp=0x000000e8e8df8f00
Event: 1.283 Thread 0x000002e12c116800 DEOPT UNPACKING pc=0x000002e13492a1af sp=0x000000e8e8df8eb0 mode 2
Event: 1.283 Thread 0x000002e12c116800 Uncommon trap: trap_request=0xffffffc6 fr.pc=0x000002e13c558268 relative=0x0000000000000288
Event: 1.283 Thread 0x000002e12c116800 Uncommon trap: reason=bimorphic_or_optimized_type_check action=maybe_recompile pc=0x000002e13c558268 method=org.aspectj.weaver.World.resolve(Lorg/aspectj/weaver/ResolvedType;)Lorg/aspectj/weaver/ResolvedType; @ 36 c2
Event: 1.283 Thread 0x000002e12c116800 DEOPT PACKING pc=0x000002e13c558268 sp=0x000000e8e8df90e0
Event: 1.283 Thread 0x000002e12c116800 DEOPT UNPACKING pc=0x000002e13492a1af sp=0x000000e8e8df9090 mode 2
Event: 1.290 Thread 0x000002e12c116800 Uncommon trap: trap_request=0xffffff4d fr.pc=0x000002e13c5fccc0 relative=0x000000000000b140
Event: 1.290 Thread 0x000002e12c116800 Uncommon trap: reason=unstable_if action=reinterpret pc=0x000002e13c5fccc0 method=org.aspectj.apache.bcel.classfile.Attribute.readAttribute(Ljava/io/DataInputStream;Lorg/aspectj/apache/bcel/classfile/ConstantPool;)Lorg/aspectj/apache/bcel/classfile/Attrib
Event: 1.290 Thread 0x000002e12c116800 DEOPT PACKING pc=0x000002e13c5fccc0 sp=0x000000e8e8df88c0
Event: 1.290 Thread 0x000002e12c116800 DEOPT UNPACKING pc=0x000002e13492a1af sp=0x000000e8e8df88d8 mode 2

Classes redefined (0 events):
No events

Internal exceptions (20 events):
Event: 0.367 Thread 0x000002e12c116800 Exception <a 'java/lang/ArrayIndexOutOfBoundsException'{0x0000000710e7dfb8}: Index 7 out of bounds for length 7> (0x0000000710e7dfb8) thrown at [s\src\hotspot\share\interpreter\interpreterRuntime.cpp, line 444]
Event: 0.367 Thread 0x000002e12c116800 Exception <a 'java/lang/ArrayIndexOutOfBoundsException'{0x0000000710e7e580}: Index 7 out of bounds for length 7> (0x0000000710e7e580) thrown at [s\src\hotspot\share\interpreter\interpreterRuntime.cpp, line 444]
Event: 0.368 Thread 0x000002e12c116800 Exception <a 'java/lang/ArrayIndexOutOfBoundsException'{0x0000000710e82820}: Index 7 out of bounds for length 7> (0x0000000710e82820) thrown at [s\src\hotspot\share\interpreter\interpreterRuntime.cpp, line 444]
Event: 0.368 Thread 0x000002e12c116800 Exception <a 'java/lang/ArrayIndexOutOfBoundsException'{0x0000000710e82de8}: Index 7 out of bounds for length 7> (0x0000000710e82de8) thrown at [s\src\hotspot\share\interpreter\interpreterRuntime.cpp, line 444]
Event: 0.368 Thread 0x000002e12c116800 Exception <a 'java/lang/ArrayIndexOutOfBoundsException'{0x0000000710e833b0}: Index 7 out of bounds for length 7> (0x0000000710e833b0) thrown at [s\src\hotspot\share\interpreter\interpreterRuntime.cpp, line 444]
Event: 0.371 Thread 0x000002e12c116800 Exception <a 'java/lang/ArrayIndexOutOfBoundsException'{0x0000000710ed05d0}: Index 11 out of bounds for length 11> (0x0000000710ed05d0) thrown at [s\src\hotspot\share\interpreter\interpreterRuntime.cpp, line 444]
Event: 0.371 Thread 0x000002e12c116800 Exception <a 'java/lang/ArrayIndexOutOfBoundsException'{0x0000000710ed0b98}: Index 11 out of bounds for length 11> (0x0000000710ed0b98) thrown at [s\src\hotspot\share\interpreter\interpreterRuntime.cpp, line 444]
Event: 0.371 Thread 0x000002e12c116800 Exception <a 'java/lang/ArrayIndexOutOfBoundsException'{0x0000000710ed1160}: Index 11 out of bounds for length 11> (0x0000000710ed1160) thrown at [s\src\hotspot\share\interpreter\interpreterRuntime.cpp, line 444]
Event: 0.371 Thread 0x000002e12c116800 Exception <a 'java/lang/ArrayIndexOutOfBoundsException'{0x0000000710ed25f8}: Index 9 out of bounds for length 9> (0x0000000710ed25f8) thrown at [s\src\hotspot\share\interpreter\interpreterRuntime.cpp, line 444]
Event: 0.371 Thread 0x000002e12c116800 Exception <a 'java/lang/ArrayIndexOutOfBoundsException'{0x0000000710ed2bc0}: Index 9 out of bounds for length 9> (0x0000000710ed2bc0) thrown at [s\src\hotspot\share\interpreter\interpreterRuntime.cpp, line 444]
Event: 0.371 Thread 0x000002e12c116800 Exception <a 'java/lang/ArrayIndexOutOfBoundsException'{0x0000000710ed3188}: Index 9 out of bounds for length 9> (0x0000000710ed3188) thrown at [s\src\hotspot\share\interpreter\interpreterRuntime.cpp, line 444]
Event: 0.371 Thread 0x000002e12c116800 Exception <a 'java/lang/ArrayIndexOutOfBoundsException'{0x0000000710ed9790}> (0x0000000710ed9790) thrown at [s\src\hotspot\share\runtime\sharedRuntime.cpp, line 606]
Event: 0.371 Thread 0x000002e12c116800 Exception <a 'java/lang/ArrayIndexOutOfBoundsException'{0x0000000710ed9d58}> (0x0000000710ed9d58) thrown at [s\src\hotspot\share\runtime\sharedRuntime.cpp, line 606]
Event: 0.371 Thread 0x000002e12c116800 Exception <a 'java/lang/ArrayIndexOutOfBoundsException'{0x0000000710eda320}: Index 7 out of bounds for length 7> (0x0000000710eda320) thrown at [s\src\hotspot\share\interpreter\interpreterRuntime.cpp, line 444]
Event: 0.451 Thread 0x000002e12c116800 Exception <a 'java/lang/NoSuchMethodError'{0x0000000710500800}: 'java.lang.Object java.lang.invoke.DirectMethodHandle$Holder.invokeStaticInit(java.lang.Object, java.lang.Object, java.lang.Object)'> (0x0000000710500800) thrown at [s\src\hotspot\share\interpreter\linkResolver.cpp, line 773]
Event: 0.541 Thread 0x000002e153d7f000 Exception <a 'java/lang/NoSuchMethodError'{0x000000070ff51228}: 'void java.lang.invoke.DirectMethodHandle$Holder.invokeStatic(java.lang.Object, long)'> (0x000000070ff51228) thrown at [s\src\hotspot\share\interpreter\linkResolver.cpp, line 773]
Event: 0.541 Thread 0x000002e153d7f000 Exception <a 'java/lang/NoSuchMethodError'{0x000000070ff561d0}: 'java.lang.Object java.lang.invoke.DirectMethodHandle$Holder.invokeStatic(java.lang.Object, long)'> (0x000000070ff561d0) thrown at [s\src\hotspot\share\interpreter\linkResolver.cpp, line 773]
Event: 0.543 Thread 0x000002e153d7f000 Exception <a 'java/lang/NoSuchMethodError'{0x000000070ff67510}: 'java.lang.Object java.lang.invoke.DirectMethodHandle$Holder.invokeStaticInit(java.lang.Object, java.lang.Object, long, java.lang.Object)'> (0x000000070ff67510) thrown at [s\src\hotspot\share\interpreter\linkResolver.cpp, line 773]
Event: 0.543 Thread 0x000002e153d7f000 Exception <a 'java/lang/NoSuchMethodError'{0x000000070ff6d438}: 'java.lang.Object java.lang.invoke.DirectMethodHandle$Holder.invokeStatic(java.lang.Object, java.lang.Object, long)'> (0x000000070ff6d438) thrown at [s\src\hotspot\share\interpreter\linkResolver.cpp, line 773]
Event: 0.544 Thread 0x000002e153d7f000 Exception <a 'java/lang/NoSuchMethodError'{0x000000070ff73708}: 'java.lang.Object java.lang.invoke.Invokers$Holder.linkToTargetMethod(java.lang.Object, long, java.lang.Object)'> (0x000000070ff73708) thrown at [s\src\hotspot\share\interpreter\linkResolver.cpp, line 773]

Events (20 events):
Event: 1.318 loading class io/qameta/allure/internal/shadowed/jackson/databind/cfg/DeserializerFactoryConfig
Event: 1.318 loading class io/qameta/allure/internal/shadowed/jackson/databind/cfg/DeserializerFactoryConfig done
Event: 1.319 loading class io/qameta/allure/internal/shadowed/jackson/databind/deser/BeanDeserializerModifier
Event: 1.319 loading class io/qameta/allure/internal/shadowed/jackson/databind/deser/BeanDeserializerModifier done
Event: 1.320 loading class io/qameta/allure/internal/shadowed/jackson/databind/AbstractTypeResolver
Event: 1.320 loading class io/qameta/allure/internal/shadowed/jackson/databind/AbstractTypeResolver done
Event: 1.321 loading class io/qameta/allure/internal/shadowed/jackson/databind/deser/ValueInstantiators
Event: 1.321 loading class io/qameta/allure/internal/shadowed/jackson/databind/deser/ValueInstantiators done
Event: 1.321 loading class io/qameta/allure/internal/shadowed/jackson/databind/deser/KeyDeserializers
Event: 1.321 loading class io/qameta/allure/internal/shadowed/jackson/databind/deser/KeyDeserializers done
Event: 1.321 loading class io/qameta/allure/internal/shadowed/jackson/databind/deser/std/StdKeyDeserializers
Event: 1.321 loading class io/qameta/allure/internal/shadowed/jackson/databind/deser/std/StdKeyDeserializers done
Event: 1.322 loading class io/qameta/allure/internal/shadowed/jackson/databind/KeyDeserializer
Event: 1.322 loading class io/qameta/allure/internal/shadowed/jackson/databind/KeyDeserializer done
Event: 1.323 loading class io/qameta/allure/internal/shadowed/jackson/databind/deser/std/StdKeyDeserializer
Event: 1.323 loading class io/qameta/allure/internal/shadowed/jackson/databind/deser/std/StdKeyDeserializer done
Event: 1.324 loading class io/qameta/allure/internal/shadowed/jackson/databind/deser/std/StdKeyDeserializer$EnumKD
Event: 1.324 loading class io/qameta/allure/internal/shadowed/jackson/databind/deser/std/StdKeyDeserializer$EnumKD done
Event: 1.324 loading class io/qameta/allure/internal/shadowed/jackson/databind/deser/std/StdKeyDeserializer$StringCtorKeyDeserializer
Event: 1.324 loading class io/qameta/allure/internal/shadowed/jackson/databind/deser/std/StdKeyDeserializer$StringCtorKeyDeserializer done


Dynamic libraries:
0x00007ff7f8090000 - 0x00007ff7f809e000 	C:\Program Files\Amazon Corretto\jdk11.0.29_7\bin\java.exe
0x00007ffcdab30000 - 0x00007ffcdad28000 	C:\Windows\SYSTEM32\ntdll.dll
0x00007ffcd9130000 - 0x00007ffcd91f2000 	C:\Windows\System32\KERNEL32.DLL
0x00007ffcd8390000 - 0x00007ffcd8686000 	C:\Windows\System32\KERNELBASE.dll
0x00007ffcd8290000 - 0x00007ffcd8390000 	C:\Windows\System32\ucrtbase.dll
0x00007ffcd26d0000 - 0x00007ffcd26eb000 	C:\Program Files\Amazon Corretto\jdk11.0.29_7\bin\VCRUNTIME140.dll
0x00007ffcd26b0000 - 0x00007ffcd26c7000 	C:\Program Files\Amazon Corretto\jdk11.0.29_7\bin\jli.dll
0x00007ffcda380000 - 0x00007ffcda521000 	C:\Windows\System32\USER32.dll
0x00007ffccbb80000 - 0x00007ffccbe1b000 	C:\Windows\WinSxS\amd64_microsoft.windows.common-controls_6595b64144ccf1df_6.0.19041.6456_none_60b8a6cb71f64256\COMCTL32.dll
0x00007ffcd8af0000 - 0x00007ffcd8b12000 	C:\Windows\System32\win32u.dll
0x00007ffcd8b20000 - 0x00007ffcd8b4b000 	C:\Windows\System32\GDI32.dll
0x00007ffcd9090000 - 0x00007ffcd912e000 	C:\Windows\System32\msvcrt.dll
0x00007ffcd8710000 - 0x00007ffcd8829000 	C:\Windows\System32\gdi32full.dll
0x00007ffcd88f0000 - 0x00007ffcd898d000 	C:\Windows\System32\msvcp_win.dll
0x00007ffcd9060000 - 0x00007ffcd908f000 	C:\Windows\System32\IMM32.DLL
0x00007ffcd4a90000 - 0x00007ffcd4a9c000 	C:\Program Files\Amazon Corretto\jdk11.0.29_7\bin\vcruntime140_1.dll
0x00007ffccb710000 - 0x00007ffccb79d000 	C:\Program Files\Amazon Corretto\jdk11.0.29_7\bin\msvcp140.dll
0x00007ffc62e30000 - 0x00007ffc639f5000 	C:\Program Files\Amazon Corretto\jdk11.0.29_7\bin\server\jvm.dll
0x00007ffcd98d0000 - 0x00007ffcd9981000 	C:\Windows\System32\ADVAPI32.dll
0x00007ffcd8b50000 - 0x00007ffcd8bef000 	C:\Windows\System32\sechost.dll
0x00007ffcd97b0000 - 0x00007ffcd98d0000 	C:\Windows\System32\RPCRT4.dll
0x00007ffcd88c0000 - 0x00007ffcd88e7000 	C:\Windows\System32\bcrypt.dll
0x00007ffcda160000 - 0x00007ffcda1cb000 	C:\Windows\System32\WS2_32.dll
0x00007ffcd96a0000 - 0x00007ffcd96a8000 	C:\Windows\System32\PSAPI.DLL
0x00007ffcd0f10000 - 0x00007ffcd0f1a000 	C:\Windows\SYSTEM32\VERSION.dll
0x00007ffcc36f0000 - 0x00007ffcc3717000 	C:\Windows\SYSTEM32\WINMM.dll
0x00007ffcd5fe0000 - 0x00007ffcd5ff2000 	C:\Windows\SYSTEM32\kernel.appcore.dll
0x00007ffcd4a60000 - 0x00007ffcd4a70000 	C:\Program Files\Amazon Corretto\jdk11.0.29_7\bin\verify.dll
0x00007ffcc2b50000 - 0x00007ffcc2d51000 	C:\Windows\SYSTEM32\DBGHELP.DLL
0x00007ffcb7680000 - 0x00007ffcb76b4000 	C:\Windows\SYSTEM32\dbgcore.DLL
0x00007ffcd8830000 - 0x00007ffcd88b2000 	C:\Windows\System32\bcryptPrimitives.dll
0x00007ffccba40000 - 0x00007ffccba68000 	C:\Program Files\Amazon Corretto\jdk11.0.29_7\bin\java.dll
0x00007ffcd4a10000 - 0x00007ffcd4a1a000 	C:\Program Files\Amazon Corretto\jdk11.0.29_7\bin\jimage.dll
0x00007ffcd2ca0000 - 0x00007ffcd2cae000 	C:\Program Files\Amazon Corretto\jdk11.0.29_7\bin\instrument.dll
0x00007ffcd2690000 - 0x00007ffcd26a8000 	C:\Program Files\Amazon Corretto\jdk11.0.29_7\bin\zip.dll
0x00007ffcd99f0000 - 0x00007ffcda160000 	C:\Windows\System32\SHELL32.dll
0x00007ffcd61e0000 - 0x00007ffcd6985000 	C:\Windows\SYSTEM32\windows.storage.dll
0x00007ffcda760000 - 0x00007ffcdaab4000 	C:\Windows\System32\combase.dll
0x00007ffcd7bc0000 - 0x00007ffcd7beb000 	C:\Windows\SYSTEM32\Wldp.dll
0x00007ffcd9220000 - 0x00007ffcd92ed000 	C:\Windows\System32\OLEAUT32.dll
0x00007ffcda6b0000 - 0x00007ffcda75d000 	C:\Windows\System32\SHCORE.dll
0x00007ffcd96b0000 - 0x00007ffcd970b000 	C:\Windows\System32\shlwapi.dll
0x00007ffcd80c0000 - 0x00007ffcd80e4000 	C:\Windows\SYSTEM32\profapi.dll
0x00007ffcd1ed0000 - 0x00007ffcd1ee9000 	C:\Program Files\Amazon Corretto\jdk11.0.29_7\bin\net.dll
0x00007ffccf740000 - 0x00007ffccf84a000 	C:\Windows\SYSTEM32\WINHTTP.dll
0x00007ffcd78d0000 - 0x00007ffcd793a000 	C:\Windows\system32\mswsock.dll
0x00007ffccba90000 - 0x00007ffccbaa2000 	C:\Program Files\Amazon Corretto\jdk11.0.29_7\bin\nio.dll
0x00007ffcd07d0000 - 0x00007ffcd07d9000 	C:\Program Files\Amazon Corretto\jdk11.0.29_7\bin\management.dll
0x00007ffccba80000 - 0x00007ffccba8b000 	C:\Program Files\Amazon Corretto\jdk11.0.29_7\bin\management_ext.dll

dbghelp: loaded successfully - version: 4.0.5 - missing functions: none
symbol engine: initialized successfully - sym options: 0x614 - pdb path: .;C:\Program Files\Amazon Corretto\jdk11.0.29_7\bin;C:\Windows\SYSTEM32;C:\Windows\WinSxS\amd64_microsoft.windows.common-controls_6595b64144ccf1df_6.0.19041.6456_none_60b8a6cb71f64256;C:\Program Files\Amazon Corretto\jdk11.0.29_7\bin\server

VM Arguments:
jvm_args: -javaagent:C:\Users\user\.m2\repository/org/aspectj/aspectjweaver/1.9.22.1/aspectjweaver-1.9.22.1.jar 
java_command: C:\Users\user\AppData\Local\Temp\surefire17189644826441611008\surefirebooter2304547777866029619.jar C:\Users\user\AppData\Local\Temp\surefire17189644826441611008 2026-05-09T20-49-42_345-jvmRun1 surefire6094274798636775252tmp surefire_012498408948433673096tmp
java_class_path (initial): C:\Users\user\AppData\Local\Temp\surefire17189644826441611008\surefirebooter2304547777866029619.jar
Launcher Type: SUN_STANDARD

[Global flags]
     intx CICompilerCount                          = 12                                        {product} {ergonomic}
     uint ConcGCThreads                            = 3                                         {product} {ergonomic}
     uint G1ConcRefinementThreads                  = 13                                        {product} {ergonomic}
   size_t G1HeapRegionSize                         = 1048576                                   {product} {ergonomic}
    uintx GCDrainStackTargetSize                   = 64                                        {product} {ergonomic}
   size_t InitialHeapSize                          = 268435456                                 {product} {ergonomic}
   size_t MarkStackSize                            = 4194304                                   {product} {ergonomic}
   size_t MaxHeapSize                              = 4276092928                                {product} {ergonomic}
   size_t MaxNewSize                               = 2564816896                                {product} {ergonomic}
   size_t MinHeapDeltaBytes                        = 1048576                                   {product} {ergonomic}
    uintx NonNMethodCodeHeapSize                   = 7594288                                {pd product} {ergonomic}
    uintx NonProfiledCodeHeapSize                  = 122031976                              {pd product} {ergonomic}
    uintx ProfiledCodeHeapSize                     = 122031976                              {pd product} {ergonomic}
    uintx ReservedCodeCacheSize                    = 251658240                              {pd product} {ergonomic}
     bool SegmentedCodeCache                       = true                                      {product} {ergonomic}
     bool UseCompressedClassPointers               = true                                 {lp64_product} {ergonomic}
     bool UseCompressedOops                        = true                                 {lp64_product} {ergonomic}
     bool UseG1GC                                  = true                                      {product} {ergonomic}
     bool UseLargePagesIndividualAllocation        = false                                  {pd product} {ergonomic}

Logging:
Log output configuration:
 #0: stdout all=warning uptime,level,tags
 #1: stderr all=off uptime,level,tags

Environment Variables:
JAVA_HOME=C:\Program Files\Amazon Corretto\jdk11.0.29_7
PATH=C:\Program Files (x86)\Common Files\Oracle\Java\java8path;C:\Program Files (x86)\Common Files\Oracle\Java\javapath;C:\Program Files\apache-maven-3.9.12\bin;C:\Program Files\NVIDIA Corporation\NVIDIA App\NvDLISR;C:\WebDriver\bin;C:\Program Files\Git\cmd;C:\Program Files\Git\mingw64\bin;C:\Program Files\Git\usr\bin;C:\Program Files\Docker\Docker\resources\bin;C:\Users\user\AppData\Local\Microsoft\WindowsApps;C:\allure-2.38.1\bin;
USERNAME=user
OS=Windows_NT
PROCESSOR_IDENTIFIER=Intel64 Family 6 Model 165 Stepping 5, GenuineIntel
TMP=C:\Users\user\AppData\Local\Temp
TEMP=C:\Users\user\AppData\Local\Temp



---------------  S Y S T E M  ---------------

OS: Windows 10 , 64 bit Build 19041 (10.0.19041.5915)
OS uptime: 9 days 0:51 hours
Hyper-V role detected

CPU:total 16 (initial active 16) (8 cores per cpu, 2 threads per core) family 6 model 165 stepping 5 microcode 0xca, cmov, cx8, fxsr, mmx, sse, sse2, sse3, ssse3, sse4.1, sse4.2, popcnt, avx, avx2, aes, clmul, erms, 3dnowpref, lzcnt, ht, tsc, tscinvbit, bmi1, bmi2, adx, fma

Memory: 4k page, system-wide physical 16304M (3458M free)
TotalPageFile size 26422M (AvailPageFile size 5M)
current process WorkingSet (physical memory assigned to process): 289M, peak: 289M
current process commit charge ("private bytes"): 475M, peak: 478M

vm_info: OpenJDK 64-Bit Server VM (11.0.29+7-LTS) for windows-amd64 JRE (11.0.29+7-LTS), built on Oct 16 2025 06:15:10 by "Administrator" with MS VC++ 16.10 / 16.11 (VS2019)

END.
